2025-03-24 22:40:04,158 - INFO - Starting language detection process
2025-03-24 22:40:04,229 - INFO - Loaded JSON with 35602 records
2025-03-24 22:40:05,199 - INFO - Processed 100/35602 records
2025-03-24 22:40:05,982 - INFO - Processed 200/35602 records
2025-03-24 22:40:06,727 - INFO - Processed 300/35602 records
2025-03-24 22:40:07,524 - INFO - Processed 400/35602 records
2025-03-24 22:40:08,324 - INFO - Processed 500/35602 records
2025-03-24 22:40:09,087 - INFO - Processed 600/35602 records
2025-03-24 22:40:09,869 - INFO - Processed 700/35602 records
2025-03-24 22:40:10,656 - INFO - Processed 800/35602 records
2025-03-24 22:40:10,988 - INFO - Processed 900/35602 records
2025-03-24 22:40:11,187 - INFO - Processed 1000/35602 records
2025-03-24 22:40:11,366 - INFO - Processed 1100/35602 records
2025-03-24 22:40:11,547 - INFO - Processed 1200/35602 records
2025-03-24 22:40:11,697 - INFO - Processed 1300/35602 records
2025-03-24 22:40:11,856 - INFO - Processed 1400/35602 records
2025-03-24 22:40:11,996 - INFO - Processed 1500/35602 records
2025-03-24 22:40:12,134 - INFO - Processed 1600/35602 records
2025-03-24 22:40:12,294 - INFO - Processed 1700/35602 records
2025-03-24 22:40:12,457 - INFO - Processed 1800/35602 records
2025-03-24 22:40:12,592 - INFO - Processed 1900/35602 records
2025-03-24 22:40:12,732 - INFO - Processed 2000/35602 records
2025-03-24 22:40:12,936 - INFO - Processed 2100/35602 records
2025-03-24 22:40:13,114 - INFO - Processed 2200/35602 records
2025-03-24 22:40:13,289 - INFO - Processed 2300/35602 records
2025-03-24 22:40:13,477 - INFO - Processed 2400/35602 records
2025-03-24 22:40:13,628 - INFO - Processed 2500/35602 records
2025-03-24 22:40:13,786 - INFO - Processed 2600/35602 records
2025-03-24 22:40:14,018 - INFO - Processed 2700/35602 records
2025-03-24 22:40:14,157 - INFO - Processed 2800/35602 records
2025-03-24 22:40:14,334 - INFO - Processed 2900/35602 records
2025-03-24 22:40:14,536 - INFO - Processed 3000/35602 records
2025-03-24 22:40:14,679 - INFO - Processed 3100/35602 records
2025-03-24 22:40:14,829 - INFO - Processed 3200/35602 records
2025-03-24 22:40:14,980 - INFO - Processed 3300/35602 records
2025-03-24 22:40:15,183 - INFO - Processed 3400/35602 records
2025-03-24 22:40:15,362 - INFO - Processed 3500/35602 records
2025-03-24 22:40:15,535 - INFO - Processed 3600/35602 records
2025-03-24 22:40:15,712 - INFO - Processed 3700/35602 records
2025-03-24 22:40:15,890 - INFO - Processed 3800/35602 records
2025-03-24 22:40:16,044 - INFO - Processed 3900/35602 records
2025-03-24 22:40:16,189 - INFO - Processed 4000/35602 records
2025-03-24 22:40:16,344 - INFO - Processed 4100/35602 records
2025-03-24 22:40:16,498 - INFO - Processed 4200/35602 records
2025-03-24 22:40:16,687 - INFO - Processed 4300/35602 records
2025-03-24 22:40:16,856 - INFO - Processed 4400/35602 records
2025-03-24 22:40:17,012 - INFO - Processed 4500/35602 records
2025-03-24 22:40:17,198 - INFO - Processed 4600/35602 records
2025-03-24 22:40:17,360 - INFO - Processed 4700/35602 records
2025-03-24 22:40:17,498 - INFO - Processed 4800/35602 records
2025-03-24 22:40:17,679 - INFO - Processed 4900/35602 records
2025-03-24 22:40:17,867 - INFO - Processed 5000/35602 records
2025-03-24 22:40:18,080 - INFO - Processed 5100/35602 records
2025-03-24 22:40:18,470 - INFO - Processed 5200/35602 records
2025-03-24 22:40:18,851 - INFO - Processed 5300/35602 records
2025-03-24 22:40:19,274 - INFO - Processed 5400/35602 records
2025-03-24 22:40:19,774 - INFO - Processed 5500/35602 records
2025-03-24 22:40:20,173 - INFO - Processed 5600/35602 records
2025-03-24 22:40:20,559 - INFO - Processed 5700/35602 records
2025-03-24 22:40:21,058 - INFO - Processed 5800/35602 records
2025-03-24 22:40:21,532 - INFO - Processed 5900/35602 records
2025-03-24 22:40:21,925 - INFO - Processed 6000/35602 records
2025-03-24 22:40:22,349 - INFO - Processed 6100/35602 records
2025-03-24 22:40:22,777 - INFO - Processed 6200/35602 records
2025-03-24 22:40:23,200 - INFO - Processed 6300/35602 records
2025-03-24 22:40:23,573 - INFO - Processed 6400/35602 records
2025-03-24 22:40:23,930 - INFO - Processed 6500/35602 records
2025-03-24 22:40:24,263 - INFO - Processed 6600/35602 records
2025-03-24 22:40:24,694 - INFO - Processed 6700/35602 records
2025-03-24 22:40:25,085 - INFO - Processed 6800/35602 records
2025-03-24 22:40:25,454 - INFO - Processed 6900/35602 records
2025-03-24 22:40:25,824 - INFO - Processed 7000/35602 records
2025-03-24 22:40:26,211 - INFO - Processed 7100/35602 records
2025-03-24 22:40:26,621 - INFO - Processed 7200/35602 records
2025-03-24 22:40:26,986 - INFO - Processed 7300/35602 records
2025-03-24 22:40:27,365 - INFO - Processed 7400/35602 records
2025-03-24 22:40:27,814 - INFO - Processed 7500/35602 records
2025-03-24 22:40:28,181 - INFO - Processed 7600/35602 records
2025-03-24 22:40:28,553 - INFO - Processed 7700/35602 records
2025-03-24 22:40:28,966 - INFO - Processed 7800/35602 records
2025-03-24 22:40:29,372 - INFO - Processed 7900/35602 records
2025-03-24 22:40:29,726 - INFO - Processed 8000/35602 records
2025-03-24 22:40:30,057 - INFO - Processed 8100/35602 records
2025-03-24 22:40:30,501 - INFO - Processed 8200/35602 records
2025-03-24 22:40:30,869 - INFO - Processed 8300/35602 records
2025-03-24 22:40:31,316 - INFO - Processed 8400/35602 records
2025-03-24 22:40:31,690 - INFO - Processed 8500/35602 records
2025-03-24 22:40:32,036 - INFO - Processed 8600/35602 records
2025-03-24 22:40:32,523 - INFO - Processed 8700/35602 records
2025-03-24 22:40:33,118 - INFO - Processed 8800/35602 records
2025-03-24 22:40:33,679 - INFO - Processed 8900/35602 records
2025-03-24 22:40:34,114 - INFO - Processed 9000/35602 records
2025-03-24 22:40:34,471 - INFO - Processed 9100/35602 records
2025-03-24 22:40:34,887 - INFO - Processed 9200/35602 records
2025-03-24 22:40:35,252 - INFO - Processed 9300/35602 records
2025-03-24 22:40:35,713 - INFO - Processed 9400/35602 records
2025-03-24 22:40:36,196 - INFO - Processed 9500/35602 records
2025-03-24 22:40:36,664 - INFO - Processed 9600/35602 records
2025-03-24 22:40:37,022 - INFO - Processed 9700/35602 records
2025-03-24 22:40:37,471 - INFO - Processed 9800/35602 records
2025-03-24 22:40:37,854 - INFO - Processed 9900/35602 records
2025-03-24 22:40:38,285 - INFO - Processed 10000/35602 records
2025-03-24 22:40:38,734 - INFO - Processed 10100/35602 records
2025-03-24 22:40:39,166 - INFO - Processed 10200/35602 records
2025-03-24 22:40:39,642 - INFO - Processed 10300/35602 records
2025-03-24 22:40:40,107 - INFO - Processed 10400/35602 records
2025-03-24 22:40:40,445 - INFO - Processed 10500/35602 records
2025-03-24 22:40:40,795 - INFO - Processed 10600/35602 records
2025-03-24 22:40:41,179 - INFO - Processed 10700/35602 records
2025-03-24 22:40:41,608 - INFO - Processed 10800/35602 records
2025-03-24 22:40:42,024 - INFO - Processed 10900/35602 records
2025-03-24 22:40:42,472 - INFO - Processed 11000/35602 records
2025-03-24 22:40:43,091 - INFO - Processed 11100/35602 records
2025-03-24 22:40:43,464 - INFO - Processed 11200/35602 records
2025-03-24 22:40:43,904 - INFO - Processed 11300/35602 records
2025-03-24 22:40:44,329 - INFO - Processed 11400/35602 records
2025-03-24 22:40:44,736 - INFO - Processed 11500/35602 records
2025-03-24 22:40:45,168 - INFO - Processed 11600/35602 records
2025-03-24 22:40:45,556 - INFO - Processed 11700/35602 records
2025-03-24 22:40:45,946 - INFO - Processed 11800/35602 records
2025-03-24 22:40:46,423 - INFO - Processed 11900/35602 records
2025-03-24 22:40:46,952 - INFO - Processed 12000/35602 records
2025-03-24 22:40:47,466 - INFO - Processed 12100/35602 records
2025-03-24 22:40:47,876 - INFO - Processed 12200/35602 records
2025-03-24 22:40:48,207 - INFO - Processed 12300/35602 records
2025-03-24 22:40:48,601 - INFO - Processed 12400/35602 records
2025-03-24 22:40:49,001 - INFO - Processed 12500/35602 records
2025-03-24 22:40:49,439 - INFO - Processed 12600/35602 records
2025-03-24 22:40:49,773 - INFO - Processed 12700/35602 records
2025-03-24 22:40:50,151 - INFO - Processed 12800/35602 records
2025-03-24 22:40:50,638 - INFO - Processed 12900/35602 records
2025-03-24 22:40:50,960 - INFO - Processed 13000/35602 records
2025-03-24 22:40:51,425 - INFO - Processed 13100/35602 records
2025-03-24 22:40:51,816 - INFO - Processed 13200/35602 records
2025-03-24 22:40:52,179 - INFO - Processed 13300/35602 records
2025-03-24 22:40:52,612 - INFO - Processed 13400/35602 records
2025-03-24 22:40:53,024 - INFO - Processed 13500/35602 records
2025-03-24 22:40:53,428 - INFO - Processed 13600/35602 records
2025-03-24 22:40:54,024 - INFO - Processed 13700/35602 records
2025-03-24 22:40:54,463 - INFO - Processed 13800/35602 records
2025-03-24 22:40:54,925 - INFO - Processed 13900/35602 records
2025-03-24 22:40:55,305 - INFO - Processed 14000/35602 records
2025-03-24 22:40:55,707 - INFO - Processed 14100/35602 records
2025-03-24 22:40:56,295 - INFO - Processed 14200/35602 records
2025-03-24 22:40:56,748 - INFO - Processed 14300/35602 records
2025-03-24 22:40:57,374 - INFO - Processed 14400/35602 records
2025-03-24 22:40:57,831 - INFO - Processed 14500/35602 records
2025-03-24 22:40:58,358 - INFO - Processed 14600/35602 records
2025-03-24 22:40:58,715 - INFO - Processed 14700/35602 records
2025-03-24 22:40:59,299 - INFO - Processed 14800/35602 records
2025-03-24 22:40:59,898 - INFO - Processed 14900/35602 records
2025-03-24 22:41:00,385 - INFO - Processed 15000/35602 records
2025-03-24 22:41:00,740 - INFO - Processed 15100/35602 records
2025-03-24 22:41:01,250 - INFO - Processed 15200/35602 records
2025-03-24 22:41:01,817 - INFO - Processed 15300/35602 records
2025-03-24 22:41:02,417 - INFO - Processed 15400/35602 records
2025-03-24 22:41:02,981 - INFO - Processed 15500/35602 records
2025-03-24 22:41:03,703 - INFO - Processed 15600/35602 records
2025-03-24 22:41:04,177 - INFO - Processed 15700/35602 records
2025-03-24 22:41:04,567 - INFO - Processed 15800/35602 records
2025-03-24 22:41:05,018 - INFO - Processed 15900/35602 records
2025-03-24 22:41:05,451 - INFO - Processed 16000/35602 records
2025-03-24 22:41:05,747 - INFO - Processed 16100/35602 records
2025-03-24 22:41:06,195 - INFO - Processed 16200/35602 records
2025-03-24 22:41:06,571 - INFO - Processed 16300/35602 records
2025-03-24 22:41:07,063 - INFO - Processed 16400/35602 records
2025-03-24 22:41:07,553 - INFO - Processed 16500/35602 records
2025-03-24 22:41:08,101 - INFO - Processed 16600/35602 records
2025-03-24 22:41:08,483 - INFO - Processed 16700/35602 records
2025-03-24 22:41:08,972 - INFO - Processed 16800/35602 records
2025-03-24 22:41:09,488 - INFO - Processed 16900/35602 records
2025-03-24 22:41:10,018 - INFO - Processed 17000/35602 records
2025-03-24 22:41:10,474 - INFO - Processed 17100/35602 records
2025-03-24 22:41:11,138 - INFO - Processed 17200/35602 records
2025-03-24 22:41:11,648 - INFO - Processed 17300/35602 records
2025-03-24 22:41:12,068 - INFO - Processed 17400/35602 records
2025-03-24 22:41:12,488 - INFO - Processed 17500/35602 records
2025-03-24 22:41:12,861 - INFO - Processed 17600/35602 records
2025-03-24 22:41:13,209 - INFO - Processed 17700/35602 records
2025-03-24 22:41:13,621 - INFO - Processed 17800/35602 records
2025-03-24 22:41:14,027 - INFO - Processed 17900/35602 records
2025-03-24 22:41:14,415 - INFO - Processed 18000/35602 records
2025-03-24 22:41:14,783 - INFO - Processed 18100/35602 records
2025-03-24 22:41:15,219 - INFO - Processed 18200/35602 records
2025-03-24 22:41:15,653 - INFO - Processed 18300/35602 records
2025-03-24 22:41:15,991 - INFO - Processed 18400/35602 records
2025-03-24 22:41:16,375 - INFO - Processed 18500/35602 records
2025-03-24 22:41:16,731 - INFO - Processed 18600/35602 records
2025-03-24 22:41:17,088 - INFO - Processed 18700/35602 records
2025-03-24 22:41:17,566 - INFO - Processed 18800/35602 records
2025-03-24 22:41:17,972 - INFO - Processed 18900/35602 records
2025-03-24 22:41:18,431 - INFO - Processed 19000/35602 records
2025-03-24 22:41:18,819 - INFO - Processed 19100/35602 records
2025-03-24 22:41:19,234 - INFO - Processed 19200/35602 records
2025-03-24 22:41:19,699 - INFO - Processed 19300/35602 records
2025-03-24 22:41:20,028 - INFO - Processed 19400/35602 records
2025-03-24 22:41:20,371 - INFO - Processed 19500/35602 records
2025-03-24 22:41:20,776 - INFO - Processed 19600/35602 records
2025-03-24 22:41:21,149 - INFO - Processed 19700/35602 records
2025-03-24 22:41:21,593 - INFO - Processed 19800/35602 records
2025-03-24 22:41:21,878 - INFO - Processed 19900/35602 records
2025-03-24 22:41:22,312 - INFO - Processed 20000/35602 records
2025-03-24 22:41:22,714 - INFO - Processed 20100/35602 records
2025-03-24 22:41:23,068 - INFO - Processed 20200/35602 records
2025-03-24 22:41:23,431 - INFO - Processed 20300/35602 records
2025-03-24 22:41:23,821 - INFO - Processed 20400/35602 records
2025-03-24 22:41:24,334 - INFO - Processed 20500/35602 records
2025-03-24 22:41:24,675 - INFO - Processed 20600/35602 records
2025-03-24 22:41:25,059 - INFO - Processed 20700/35602 records
2025-03-24 22:41:25,468 - INFO - Processed 20800/35602 records
2025-03-24 22:41:25,914 - INFO - Processed 20900/35602 records
2025-03-24 22:41:26,331 - INFO - Processed 21000/35602 records
2025-03-24 22:41:26,736 - INFO - Processed 21100/35602 records
2025-03-24 22:41:27,121 - INFO - Processed 21200/35602 records
2025-03-24 22:41:27,554 - INFO - Processed 21300/35602 records
2025-03-24 22:41:27,993 - INFO - Processed 21400/35602 records
2025-03-24 22:41:28,364 - INFO - Processed 21500/35602 records
2025-03-24 22:41:28,762 - INFO - Processed 21600/35602 records
2025-03-24 22:41:29,156 - INFO - Processed 21700/35602 records
2025-03-24 22:41:29,555 - INFO - Processed 21800/35602 records
2025-03-24 22:41:29,952 - INFO - Processed 21900/35602 records
2025-03-24 22:41:30,361 - INFO - Processed 22000/35602 records
2025-03-24 22:41:30,722 - INFO - Processed 22100/35602 records
2025-03-24 22:41:31,124 - INFO - Processed 22200/35602 records
2025-03-24 22:41:31,596 - INFO - Processed 22300/35602 records
2025-03-24 22:41:31,954 - INFO - Processed 22400/35602 records
2025-03-24 22:41:32,361 - INFO - Processed 22500/35602 records
2025-03-24 22:41:32,800 - INFO - Processed 22600/35602 records
2025-03-24 22:41:33,218 - INFO - Processed 22700/35602 records
2025-03-24 22:41:33,607 - INFO - Processed 22800/35602 records
2025-03-24 22:41:34,018 - INFO - Processed 22900/35602 records
2025-03-24 22:41:34,486 - INFO - Processed 23000/35602 records
2025-03-24 22:41:34,914 - INFO - Processed 23100/35602 records
2025-03-24 22:41:35,352 - INFO - Processed 23200/35602 records
2025-03-24 22:41:35,759 - INFO - Processed 23300/35602 records
2025-03-24 22:41:36,137 - INFO - Processed 23400/35602 records
2025-03-24 22:41:36,493 - INFO - Processed 23500/35602 records
2025-03-24 22:41:36,872 - INFO - Processed 23600/35602 records
2025-03-24 22:41:37,279 - INFO - Processed 23700/35602 records
2025-03-24 22:41:37,801 - INFO - Processed 23800/35602 records
2025-03-24 22:41:38,156 - INFO - Processed 23900/35602 records
2025-03-24 22:41:38,461 - INFO - Processed 24000/35602 records
2025-03-24 22:41:38,949 - INFO - Processed 24100/35602 records
2025-03-24 22:41:39,411 - INFO - Processed 24200/35602 records
2025-03-24 22:41:39,851 - INFO - Processed 24300/35602 records
2025-03-24 22:41:40,208 - INFO - Processed 24400/35602 records
2025-03-24 22:41:40,672 - INFO - Processed 24500/35602 records
2025-03-24 22:41:41,097 - INFO - Processed 24600/35602 records
2025-03-24 22:41:41,497 - INFO - Processed 24700/35602 records
2025-03-24 22:41:41,861 - INFO - Processed 24800/35602 records
2025-03-24 22:41:42,282 - INFO - Processed 24900/35602 records
2025-03-24 22:41:42,685 - INFO - Processed 25000/35602 records
2025-03-24 22:41:43,142 - INFO - Processed 25100/35602 records
2025-03-24 22:41:43,461 - INFO - Processed 25200/35602 records
2025-03-24 22:41:43,863 - INFO - Processed 25300/35602 records
2025-03-24 22:41:44,246 - INFO - Processed 25400/35602 records
2025-03-24 22:41:44,687 - INFO - Processed 25500/35602 records
2025-03-24 22:41:45,025 - INFO - Processed 25600/35602 records
2025-03-24 22:41:45,400 - INFO - Processed 25700/35602 records
2025-03-24 22:41:45,801 - INFO - Processed 25800/35602 records
2025-03-24 22:41:46,193 - INFO - Processed 25900/35602 records
2025-03-24 22:41:46,609 - INFO - Processed 26000/35602 records
2025-03-24 22:41:46,970 - INFO - Processed 26100/35602 records
2025-03-24 22:41:47,410 - INFO - Processed 26200/35602 records
2025-03-24 22:41:47,830 - INFO - Processed 26300/35602 records
2025-03-24 22:41:48,223 - INFO - Processed 26400/35602 records
2025-03-24 22:41:48,647 - INFO - Processed 26500/35602 records
2025-03-24 22:41:49,037 - INFO - Processed 26600/35602 records
2025-03-24 22:41:49,427 - INFO - Processed 26700/35602 records
2025-03-24 22:41:49,869 - INFO - Processed 26800/35602 records
2025-03-24 22:41:50,225 - INFO - Processed 26900/35602 records
2025-03-24 22:41:50,619 - INFO - Processed 27000/35602 records
2025-03-24 22:41:50,973 - INFO - Processed 27100/35602 records
2025-03-24 22:41:51,540 - INFO - Processed 27200/35602 records
2025-03-24 22:41:51,970 - INFO - Processed 27300/35602 records
2025-03-24 22:41:52,420 - INFO - Processed 27400/35602 records
2025-03-24 22:41:52,972 - INFO - Processed 27500/35602 records
2025-03-24 22:41:54,808 - INFO - Processed 27600/35602 records
2025-03-24 22:41:56,838 - INFO - Processed 27700/35602 records
2025-03-24 22:41:58,844 - INFO - Processed 27800/35602 records
2025-03-24 22:42:01,247 - INFO - Processed 27900/35602 records
2025-03-24 22:42:03,211 - INFO - Processed 28000/35602 records
2025-03-24 22:42:05,154 - INFO - Processed 28100/35602 records
2025-03-24 22:42:07,033 - INFO - Processed 28200/35602 records
2025-03-24 22:42:09,000 - INFO - Processed 28300/35602 records
2025-03-24 22:42:10,982 - INFO - Processed 28400/35602 records
2025-03-24 22:42:12,903 - INFO - Processed 28500/35602 records
2025-03-24 22:42:14,871 - INFO - Processed 28600/35602 records
2025-03-24 22:42:16,742 - INFO - Processed 28700/35602 records
2025-03-24 22:42:18,599 - INFO - Processed 28800/35602 records
2025-03-24 22:42:20,591 - INFO - Processed 28900/35602 records
2025-03-24 22:42:22,618 - INFO - Processed 29000/35602 records
2025-03-24 22:42:24,567 - INFO - Processed 29100/35602 records
2025-03-24 22:42:26,326 - INFO - Processed 29200/35602 records
2025-03-24 22:42:28,682 - INFO - Processed 29300/35602 records
2025-03-24 22:42:30,841 - INFO - Processed 29400/35602 records
2025-03-24 22:42:32,586 - INFO - Processed 29500/35602 records
2025-03-24 22:42:34,679 - INFO - Processed 29600/35602 records
2025-03-24 22:42:36,369 - INFO - Processed 29700/35602 records
2025-03-24 22:42:38,241 - INFO - Processed 29800/35602 records
2025-03-24 22:42:39,959 - INFO - Processed 29900/35602 records
2025-03-24 22:42:41,503 - INFO - Processed 30000/35602 records
2025-03-24 22:42:43,069 - INFO - Processed 30100/35602 records
2025-03-24 22:42:45,143 - INFO - Processed 30200/35602 records
2025-03-24 22:42:46,813 - INFO - Processed 30300/35602 records
2025-03-24 22:42:48,812 - INFO - Processed 30400/35602 records
2025-03-24 22:42:50,732 - INFO - Processed 30500/35602 records
2025-03-24 22:42:52,735 - INFO - Processed 30600/35602 records
2025-03-24 22:42:54,651 - INFO - Processed 30700/35602 records
2025-03-24 22:42:57,028 - INFO - Processed 30800/35602 records
2025-03-24 22:42:59,743 - INFO - Processed 30900/35602 records
2025-03-24 22:43:02,080 - INFO - Processed 31000/35602 records
2025-03-24 22:43:04,467 - INFO - Processed 31100/35602 records
2025-03-24 22:43:06,920 - INFO - Processed 31200/35602 records
2025-03-24 22:43:09,488 - INFO - Processed 31300/35602 records
2025-03-24 22:43:11,345 - INFO - Processed 31400/35602 records
2025-03-24 22:43:13,319 - INFO - Processed 31500/35602 records
2025-03-24 22:43:15,261 - INFO - Processed 31600/35602 records
2025-03-24 22:43:17,507 - INFO - Processed 31700/35602 records
2025-03-24 22:43:19,609 - INFO - Processed 31800/35602 records
2025-03-24 22:43:21,691 - INFO - Processed 31900/35602 records
2025-03-24 22:43:23,316 - INFO - Processed 32000/35602 records
2025-03-24 22:43:25,454 - INFO - Processed 32100/35602 records
2025-03-24 22:43:27,491 - INFO - Processed 32200/35602 records
2025-03-24 22:43:29,255 - INFO - Processed 32300/35602 records
2025-03-24 22:43:31,123 - INFO - Processed 32400/35602 records
2025-03-24 22:43:32,954 - INFO - Processed 32500/35602 records
2025-03-24 22:43:34,944 - INFO - Processed 32600/35602 records
2025-03-24 22:43:36,805 - INFO - Processed 32700/35602 records
2025-03-24 22:43:38,663 - INFO - Processed 32800/35602 records
2025-03-24 22:43:40,675 - INFO - Processed 32900/35602 records
2025-03-24 22:43:42,530 - INFO - Processed 33000/35602 records
2025-03-24 22:43:44,264 - INFO - Processed 33100/35602 records
2025-03-24 22:43:46,277 - INFO - Processed 33200/35602 records
2025-03-24 22:43:48,154 - INFO - Processed 33300/35602 records
2025-03-24 22:43:50,023 - INFO - Processed 33400/35602 records
2025-03-24 22:43:51,949 - INFO - Processed 33500/35602 records
2025-03-24 22:43:53,460 - INFO - Processed 33600/35602 records
2025-03-24 22:43:54,906 - INFO - Processed 33700/35602 records
2025-03-24 22:43:56,220 - INFO - Processed 33800/35602 records
2025-03-24 22:43:57,907 - INFO - Processed 33900/35602 records
2025-03-24 22:43:59,892 - INFO - Processed 34000/35602 records
2025-03-24 22:44:01,539 - INFO - Processed 34100/35602 records
2025-03-24 22:44:03,548 - INFO - Processed 34200/35602 records
2025-03-24 22:44:05,207 - INFO - Processed 34300/35602 records
2025-03-24 22:44:06,911 - INFO - Processed 34400/35602 records
2025-03-24 22:44:08,905 - INFO - Processed 34500/35602 records
2025-03-24 22:44:11,270 - INFO - Processed 34600/35602 records
2025-03-24 22:44:13,352 - INFO - Processed 34700/35602 records
2025-03-24 22:44:15,218 - INFO - Processed 34800/35602 records
2025-03-24 22:44:17,126 - INFO - Processed 34900/35602 records
2025-03-24 22:44:18,946 - INFO - Processed 35000/35602 records
2025-03-24 22:44:20,715 - INFO - Processed 35100/35602 records
2025-03-24 22:44:22,536 - INFO - Processed 35200/35602 records
2025-03-24 22:44:24,319 - INFO - Processed 35300/35602 records
2025-03-24 22:44:26,110 - INFO - Processed 35400/35602 records
2025-03-24 22:44:27,805 - INFO - Processed 35500/35602 records
2025-03-24 22:44:29,614 - INFO - Processed 35600/35602 records
2025-03-24 22:44:30,148 - INFO - Processing complete! Results saved toC:\FYP-LangWAF\LangWAF\models\model-2\../../results/data_with_languages-CISC_HTTPParams.json
2025-03-24 22:44:30,361 - INFO - Predictions saved to C:\FYP-LangWAF\LangWAF\models\model-2\../../data/model-2_data_with_languages-CISC_HTTPParams.csv!!!!!!!
