2025-03-20 21:21:59,689 - INFO - Starting language detection process
2025-03-20 21:21:59,762 - INFO - Loaded JSON with 35602 records
2025-03-20 21:22:00,709 - INFO - Processed 100/35602 records
2025-03-20 21:22:01,635 - INFO - Processed 200/35602 records
2025-03-20 21:22:02,471 - INFO - Processed 300/35602 records
2025-03-20 21:22:03,447 - INFO - Processed 400/35602 records
2025-03-20 21:22:04,279 - INFO - Processed 500/35602 records
2025-03-20 21:22:04,984 - INFO - Processed 600/35602 records
2025-03-20 21:22:05,686 - INFO - Processed 700/35602 records
2025-03-20 21:22:06,622 - INFO - Processed 800/35602 records
2025-03-20 21:22:06,972 - INFO - Processed 900/35602 records
2025-03-20 21:22:07,149 - INFO - Processed 1000/35602 records
2025-03-20 21:22:07,383 - INFO - Processed 1100/35602 records
2025-03-20 21:22:07,561 - INFO - Processed 1200/35602 records
2025-03-20 21:22:07,750 - INFO - Processed 1300/35602 records
2025-03-20 21:22:07,940 - INFO - Processed 1400/35602 records
2025-03-20 21:22:08,116 - INFO - Processed 1500/35602 records
2025-03-20 21:22:08,307 - INFO - Processed 1600/35602 records
2025-03-20 21:22:08,495 - INFO - Processed 1700/35602 records
2025-03-20 21:22:08,656 - INFO - Processed 1800/35602 records
2025-03-20 21:22:08,804 - INFO - Processed 1900/35602 records
2025-03-20 21:22:08,956 - INFO - Processed 2000/35602 records
2025-03-20 21:22:09,121 - INFO - Processed 2100/35602 records
2025-03-20 21:22:09,274 - INFO - Processed 2200/35602 records
2025-03-20 21:22:09,440 - INFO - Processed 2300/35602 records
2025-03-20 21:22:09,607 - INFO - Processed 2400/35602 records
2025-03-20 21:22:09,748 - INFO - Processed 2500/35602 records
2025-03-20 21:22:09,891 - INFO - Processed 2600/35602 records
2025-03-20 21:22:10,062 - INFO - Processed 2700/35602 records
2025-03-20 21:22:10,201 - INFO - Processed 2800/35602 records
2025-03-20 21:22:10,401 - INFO - Processed 2900/35602 records
2025-03-20 21:22:10,620 - INFO - Processed 3000/35602 records
2025-03-20 21:22:10,928 - INFO - Processed 3100/35602 records
2025-03-20 21:22:11,124 - INFO - Processed 3200/35602 records
2025-03-20 21:22:11,320 - INFO - Processed 3300/35602 records
2025-03-20 21:22:11,521 - INFO - Processed 3400/35602 records
2025-03-20 21:22:11,680 - INFO - Processed 3500/35602 records
2025-03-20 21:22:11,828 - INFO - Processed 3600/35602 records
2025-03-20 21:22:11,999 - INFO - Processed 3700/35602 records
2025-03-20 21:22:12,164 - INFO - Processed 3800/35602 records
2025-03-20 21:22:12,308 - INFO - Processed 3900/35602 records
2025-03-20 21:22:12,449 - INFO - Processed 4000/35602 records
2025-03-20 21:22:12,629 - INFO - Processed 4100/35602 records
2025-03-20 21:22:12,779 - INFO - Processed 4200/35602 records
2025-03-20 21:22:12,948 - INFO - Processed 4300/35602 records
2025-03-20 21:22:13,131 - INFO - Processed 4400/35602 records
2025-03-20 21:22:13,279 - INFO - Processed 4500/35602 records
2025-03-20 21:22:13,576 - INFO - Processed 4600/35602 records
2025-03-20 21:22:13,757 - INFO - Processed 4700/35602 records
2025-03-20 21:22:13,896 - INFO - Processed 4800/35602 records
2025-03-20 21:22:14,061 - INFO - Processed 4900/35602 records
2025-03-20 21:22:14,231 - INFO - Processed 5000/35602 records
2025-03-20 21:22:14,408 - INFO - Processed 5100/35602 records
2025-03-20 21:22:14,615 - INFO - Processed 5200/35602 records
2025-03-20 21:22:14,783 - INFO - Processed 5300/35602 records
2025-03-20 21:22:14,975 - INFO - Processed 5400/35602 records
2025-03-20 21:22:15,109 - INFO - Processed 5500/35602 records
2025-03-20 21:22:15,225 - INFO - Processed 5600/35602 records
2025-03-20 21:22:15,370 - INFO - Processed 5700/35602 records
2025-03-20 21:22:15,545 - INFO - Processed 5800/35602 records
2025-03-20 21:22:15,677 - INFO - Processed 5900/35602 records
2025-03-20 21:22:15,806 - INFO - Processed 6000/35602 records
2025-03-20 21:22:15,968 - INFO - Processed 6100/35602 records
2025-03-20 21:22:16,278 - INFO - Processed 6200/35602 records
2025-03-20 21:22:16,428 - INFO - Processed 6300/35602 records
2025-03-20 21:22:16,558 - INFO - Processed 6400/35602 records
2025-03-20 21:22:16,684 - INFO - Processed 6500/35602 records
2025-03-20 21:22:16,793 - INFO - Processed 6600/35602 records
2025-03-20 21:22:16,919 - INFO - Processed 6700/35602 records
2025-03-20 21:22:17,051 - INFO - Processed 6800/35602 records
2025-03-20 21:22:17,176 - INFO - Processed 6900/35602 records
2025-03-20 21:22:17,306 - INFO - Processed 7000/35602 records
2025-03-20 21:22:17,434 - INFO - Processed 7100/35602 records
2025-03-20 21:22:17,576 - INFO - Processed 7200/35602 records
2025-03-20 21:22:17,695 - INFO - Processed 7300/35602 records
2025-03-20 21:22:17,824 - INFO - Processed 7400/35602 records
2025-03-20 21:22:17,975 - INFO - Processed 7500/35602 records
2025-03-20 21:22:18,119 - INFO - Processed 7600/35602 records
2025-03-20 21:22:18,251 - INFO - Processed 7700/35602 records
2025-03-20 21:22:18,379 - INFO - Processed 7800/35602 records
2025-03-20 21:22:18,501 - INFO - Processed 7900/35602 records
2025-03-20 21:22:18,624 - INFO - Processed 8000/35602 records
2025-03-20 21:22:18,735 - INFO - Processed 8100/35602 records
2025-03-20 21:22:18,863 - INFO - Processed 8200/35602 records
2025-03-20 21:22:18,974 - INFO - Processed 8300/35602 records
2025-03-20 21:22:19,148 - INFO - Processed 8400/35602 records
2025-03-20 21:22:19,264 - INFO - Processed 8500/35602 records
2025-03-20 21:22:19,369 - INFO - Processed 8600/35602 records
2025-03-20 21:22:19,497 - INFO - Processed 8700/35602 records
2025-03-20 21:22:19,619 - INFO - Processed 8800/35602 records
2025-03-20 21:22:19,730 - INFO - Processed 8900/35602 records
2025-03-20 21:22:19,855 - INFO - Processed 9000/35602 records
2025-03-20 21:22:19,976 - INFO - Processed 9100/35602 records
2025-03-20 21:22:20,114 - INFO - Processed 9200/35602 records
2025-03-20 21:22:20,230 - INFO - Processed 9300/35602 records
2025-03-20 21:22:20,343 - INFO - Processed 9400/35602 records
2025-03-20 21:22:20,492 - INFO - Processed 9500/35602 records
2025-03-20 21:22:20,626 - INFO - Processed 9600/35602 records
2025-03-20 21:22:20,732 - INFO - Processed 9700/35602 records
2025-03-20 21:22:20,848 - INFO - Processed 9800/35602 records
2025-03-20 21:22:21,000 - INFO - Processed 9900/35602 records
2025-03-20 21:22:21,148 - INFO - Processed 10000/35602 records
2025-03-20 21:22:21,286 - INFO - Processed 10100/35602 records
2025-03-20 21:22:21,487 - INFO - Processed 10200/35602 records
2025-03-20 21:22:21,627 - INFO - Processed 10300/35602 records
2025-03-20 21:22:21,786 - INFO - Processed 10400/35602 records
2025-03-20 21:22:21,895 - INFO - Processed 10500/35602 records
2025-03-20 21:22:21,998 - INFO - Processed 10600/35602 records
2025-03-20 21:22:22,105 - INFO - Processed 10700/35602 records
2025-03-20 21:22:22,244 - INFO - Processed 10800/35602 records
2025-03-20 21:22:22,455 - INFO - Processed 10900/35602 records
2025-03-20 21:22:22,590 - INFO - Processed 11000/35602 records
2025-03-20 21:22:22,709 - INFO - Processed 11100/35602 records
2025-03-20 21:22:22,819 - INFO - Processed 11200/35602 records
2025-03-20 21:22:22,954 - INFO - Processed 11300/35602 records
2025-03-20 21:22:23,090 - INFO - Processed 11400/35602 records
2025-03-20 21:22:23,250 - INFO - Processed 11500/35602 records
2025-03-20 21:22:23,499 - INFO - Processed 11600/35602 records
2025-03-20 21:22:23,657 - INFO - Processed 11700/35602 records
2025-03-20 21:22:23,810 - INFO - Processed 11800/35602 records
2025-03-20 21:22:23,977 - INFO - Processed 11900/35602 records
2025-03-20 21:22:24,124 - INFO - Processed 12000/35602 records
2025-03-20 21:22:24,269 - INFO - Processed 12100/35602 records
2025-03-20 21:22:24,403 - INFO - Processed 12200/35602 records
2025-03-20 21:22:24,534 - INFO - Processed 12300/35602 records
2025-03-20 21:22:24,672 - INFO - Processed 12400/35602 records
2025-03-20 21:22:24,897 - INFO - Processed 12500/35602 records
2025-03-20 21:22:25,130 - INFO - Processed 12600/35602 records
2025-03-20 21:22:25,292 - INFO - Processed 12700/35602 records
2025-03-20 21:22:25,480 - INFO - Processed 12800/35602 records
2025-03-20 21:22:25,620 - INFO - Processed 12900/35602 records
2025-03-20 21:22:25,736 - INFO - Processed 13000/35602 records
2025-03-20 21:22:25,874 - INFO - Processed 13100/35602 records
2025-03-20 21:22:25,994 - INFO - Processed 13200/35602 records
2025-03-20 21:22:26,133 - INFO - Processed 13300/35602 records
2025-03-20 21:22:26,268 - INFO - Processed 13400/35602 records
2025-03-20 21:22:26,410 - INFO - Processed 13500/35602 records
2025-03-20 21:22:26,531 - INFO - Processed 13600/35602 records
2025-03-20 21:22:26,664 - INFO - Processed 13700/35602 records
2025-03-20 21:22:26,786 - INFO - Processed 13800/35602 records
2025-03-20 21:22:26,921 - INFO - Processed 13900/35602 records
2025-03-20 21:22:27,037 - INFO - Processed 14000/35602 records
2025-03-20 21:22:27,176 - INFO - Processed 14100/35602 records
2025-03-20 21:22:27,323 - INFO - Processed 14200/35602 records
2025-03-20 21:22:27,443 - INFO - Processed 14300/35602 records
2025-03-20 21:22:27,571 - INFO - Processed 14400/35602 records
2025-03-20 21:22:27,716 - INFO - Processed 14500/35602 records
2025-03-20 21:22:27,860 - INFO - Processed 14600/35602 records
2025-03-20 21:22:27,977 - INFO - Processed 14700/35602 records
2025-03-20 21:22:28,107 - INFO - Processed 14800/35602 records
2025-03-20 21:22:28,293 - INFO - Processed 14900/35602 records
2025-03-20 21:22:28,473 - INFO - Processed 15000/35602 records
2025-03-20 21:22:28,594 - INFO - Processed 15100/35602 records
2025-03-20 21:22:28,745 - INFO - Processed 15200/35602 records
2025-03-20 21:22:28,882 - INFO - Processed 15300/35602 records
2025-03-20 21:22:29,007 - INFO - Processed 15400/35602 records
2025-03-20 21:22:29,206 - INFO - Processed 15500/35602 records
2025-03-20 21:22:29,377 - INFO - Processed 15600/35602 records
2025-03-20 21:22:29,502 - INFO - Processed 15700/35602 records
2025-03-20 21:22:29,647 - INFO - Processed 15800/35602 records
2025-03-20 21:22:29,789 - INFO - Processed 15900/35602 records
2025-03-20 21:22:29,922 - INFO - Processed 16000/35602 records
2025-03-20 21:22:30,039 - INFO - Processed 16100/35602 records
2025-03-20 21:22:30,171 - INFO - Processed 16200/35602 records
2025-03-20 21:22:30,301 - INFO - Processed 16300/35602 records
2025-03-20 21:22:30,492 - INFO - Processed 16400/35602 records
2025-03-20 21:22:30,652 - INFO - Processed 16500/35602 records
2025-03-20 21:22:30,767 - INFO - Processed 16600/35602 records
2025-03-20 21:22:30,886 - INFO - Processed 16700/35602 records
2025-03-20 21:22:31,036 - INFO - Processed 16800/35602 records
2025-03-20 21:22:31,165 - INFO - Processed 16900/35602 records
2025-03-20 21:22:31,338 - INFO - Processed 17000/35602 records
2025-03-20 21:22:31,501 - INFO - Processed 17100/35602 records
2025-03-20 21:22:31,625 - INFO - Processed 17200/35602 records
2025-03-20 21:22:31,776 - INFO - Processed 17300/35602 records
2025-03-20 21:22:31,896 - INFO - Processed 17400/35602 records
2025-03-20 21:22:32,034 - INFO - Processed 17500/35602 records
2025-03-20 21:22:32,152 - INFO - Processed 17600/35602 records
2025-03-20 21:22:32,279 - INFO - Processed 17700/35602 records
2025-03-20 21:22:32,421 - INFO - Processed 17800/35602 records
2025-03-20 21:22:32,555 - INFO - Processed 17900/35602 records
2025-03-20 21:22:32,677 - INFO - Processed 18000/35602 records
2025-03-20 21:22:32,809 - INFO - Processed 18100/35602 records
2025-03-20 21:22:32,953 - INFO - Processed 18200/35602 records
2025-03-20 21:22:33,086 - INFO - Processed 18300/35602 records
2025-03-20 21:22:33,260 - INFO - Processed 18400/35602 records
2025-03-20 21:22:33,407 - INFO - Processed 18500/35602 records
2025-03-20 21:22:33,554 - INFO - Processed 18600/35602 records
2025-03-20 21:22:33,681 - INFO - Processed 18700/35602 records
2025-03-20 21:22:33,810 - INFO - Processed 18800/35602 records
2025-03-20 21:22:33,963 - INFO - Processed 18900/35602 records
2025-03-20 21:22:34,148 - INFO - Processed 19000/35602 records
2025-03-20 21:22:34,271 - INFO - Processed 19100/35602 records
2025-03-20 21:22:34,415 - INFO - Processed 19200/35602 records
2025-03-20 21:22:34,571 - INFO - Processed 19300/35602 records
2025-03-20 21:22:34,688 - INFO - Processed 19400/35602 records
2025-03-20 21:22:34,793 - INFO - Processed 19500/35602 records
2025-03-20 21:22:34,929 - INFO - Processed 19600/35602 records
2025-03-20 21:22:35,062 - INFO - Processed 19700/35602 records
2025-03-20 21:22:35,212 - INFO - Processed 19800/35602 records
2025-03-20 21:22:35,312 - INFO - Processed 19900/35602 records
2025-03-20 21:22:35,498 - INFO - Processed 20000/35602 records
2025-03-20 21:22:35,618 - INFO - Processed 20100/35602 records
2025-03-20 21:22:35,750 - INFO - Processed 20200/35602 records
2025-03-20 21:22:35,884 - INFO - Processed 20300/35602 records
2025-03-20 21:22:36,013 - INFO - Processed 20400/35602 records
2025-03-20 21:22:36,156 - INFO - Processed 20500/35602 records
2025-03-20 21:22:36,266 - INFO - Processed 20600/35602 records
2025-03-20 21:22:36,383 - INFO - Processed 20700/35602 records
2025-03-20 21:22:36,507 - INFO - Processed 20800/35602 records
2025-03-20 21:22:36,623 - INFO - Processed 20900/35602 records
2025-03-20 21:22:36,750 - INFO - Processed 21000/35602 records
2025-03-20 21:22:36,891 - INFO - Processed 21100/35602 records
2025-03-20 21:22:37,023 - INFO - Processed 21200/35602 records
2025-03-20 21:22:37,158 - INFO - Processed 21300/35602 records
2025-03-20 21:22:37,276 - INFO - Processed 21400/35602 records
2025-03-20 21:22:37,378 - INFO - Processed 21500/35602 records
2025-03-20 21:22:37,497 - INFO - Processed 21600/35602 records
2025-03-20 21:22:37,617 - INFO - Processed 21700/35602 records
2025-03-20 21:22:37,732 - INFO - Processed 21800/35602 records
2025-03-20 21:22:37,858 - INFO - Processed 21900/35602 records
2025-03-20 21:22:37,975 - INFO - Processed 22000/35602 records
2025-03-20 21:22:38,106 - INFO - Processed 22100/35602 records
2025-03-20 21:22:38,248 - INFO - Processed 22200/35602 records
2025-03-20 21:22:38,380 - INFO - Processed 22300/35602 records
2025-03-20 21:22:38,529 - INFO - Processed 22400/35602 records
2025-03-20 21:22:38,675 - INFO - Processed 22500/35602 records
2025-03-20 21:22:38,808 - INFO - Processed 22600/35602 records
2025-03-20 21:22:38,942 - INFO - Processed 22700/35602 records
2025-03-20 21:22:39,070 - INFO - Processed 22800/35602 records
2025-03-20 21:22:39,203 - INFO - Processed 22900/35602 records
2025-03-20 21:22:39,340 - INFO - Processed 23000/35602 records
2025-03-20 21:22:39,476 - INFO - Processed 23100/35602 records
2025-03-20 21:22:39,628 - INFO - Processed 23200/35602 records
2025-03-20 21:22:39,775 - INFO - Processed 23300/35602 records
2025-03-20 21:22:39,920 - INFO - Processed 23400/35602 records
2025-03-20 21:22:40,047 - INFO - Processed 23500/35602 records
2025-03-20 21:22:40,167 - INFO - Processed 23600/35602 records
2025-03-20 21:22:40,304 - INFO - Processed 23700/35602 records
2025-03-20 21:22:40,459 - INFO - Processed 23800/35602 records
2025-03-20 21:22:40,583 - INFO - Processed 23900/35602 records
2025-03-20 21:22:40,703 - INFO - Processed 24000/35602 records
2025-03-20 21:22:40,836 - INFO - Processed 24100/35602 records
2025-03-20 21:22:40,971 - INFO - Processed 24200/35602 records
2025-03-20 21:22:41,093 - INFO - Processed 24300/35602 records
2025-03-20 21:22:41,220 - INFO - Processed 24400/35602 records
2025-03-20 21:22:41,354 - INFO - Processed 24500/35602 records
2025-03-20 21:22:41,497 - INFO - Processed 24600/35602 records
2025-03-20 21:22:41,620 - INFO - Processed 24700/35602 records
2025-03-20 21:22:41,738 - INFO - Processed 24800/35602 records
2025-03-20 21:22:41,872 - INFO - Processed 24900/35602 records
2025-03-20 21:22:42,000 - INFO - Processed 25000/35602 records
2025-03-20 21:22:42,135 - INFO - Processed 25100/35602 records
2025-03-20 21:22:42,272 - INFO - Processed 25200/35602 records
2025-03-20 21:22:42,411 - INFO - Processed 25300/35602 records
2025-03-20 21:22:42,528 - INFO - Processed 25400/35602 records
2025-03-20 21:22:42,682 - INFO - Processed 25500/35602 records
2025-03-20 21:22:42,808 - INFO - Processed 25600/35602 records
2025-03-20 21:22:42,942 - INFO - Processed 25700/35602 records
2025-03-20 21:22:43,097 - INFO - Processed 25800/35602 records
2025-03-20 21:22:43,244 - INFO - Processed 25900/35602 records
2025-03-20 21:22:43,378 - INFO - Processed 26000/35602 records
2025-03-20 21:22:43,529 - INFO - Processed 26100/35602 records
2025-03-20 21:22:43,674 - INFO - Processed 26200/35602 records
2025-03-20 21:22:43,827 - INFO - Processed 26300/35602 records
2025-03-20 21:22:43,966 - INFO - Processed 26400/35602 records
2025-03-20 21:22:44,075 - INFO - Processed 26500/35602 records
2025-03-20 21:22:44,218 - INFO - Processed 26600/35602 records
2025-03-20 21:22:44,363 - INFO - Processed 26700/35602 records
2025-03-20 21:22:44,513 - INFO - Processed 26800/35602 records
2025-03-20 21:22:44,636 - INFO - Processed 26900/35602 records
2025-03-20 21:22:44,812 - INFO - Processed 27000/35602 records
2025-03-20 21:22:44,951 - INFO - Processed 27100/35602 records
2025-03-20 21:22:45,098 - INFO - Processed 27200/35602 records
2025-03-20 21:22:45,223 - INFO - Processed 27300/35602 records
2025-03-20 21:22:45,359 - INFO - Processed 27400/35602 records
2025-03-20 21:22:45,540 - INFO - Processed 27500/35602 records
2025-03-20 21:22:46,159 - INFO - Processed 27600/35602 records
2025-03-20 21:22:46,733 - INFO - Processed 27700/35602 records
2025-03-20 21:22:47,360 - INFO - Processed 27800/35602 records
2025-03-20 21:22:48,099 - INFO - Processed 27900/35602 records
2025-03-20 21:22:48,720 - INFO - Processed 28000/35602 records
2025-03-20 21:22:49,600 - INFO - Processed 28100/35602 records
2025-03-20 21:22:50,441 - INFO - Processed 28200/35602 records
2025-03-20 21:22:51,401 - INFO - Processed 28300/35602 records
2025-03-20 21:22:52,195 - INFO - Processed 28400/35602 records
2025-03-20 21:22:52,902 - INFO - Processed 28500/35602 records
2025-03-20 21:22:53,610 - INFO - Processed 28600/35602 records
2025-03-20 21:22:54,293 - INFO - Processed 28700/35602 records
2025-03-20 21:22:54,950 - INFO - Processed 28800/35602 records
2025-03-20 21:22:55,607 - INFO - Processed 28900/35602 records
2025-03-20 21:22:56,263 - INFO - Processed 29000/35602 records
2025-03-20 21:22:56,932 - INFO - Processed 29100/35602 records
2025-03-20 21:22:57,576 - INFO - Processed 29200/35602 records
2025-03-20 21:22:58,219 - INFO - Processed 29300/35602 records
2025-03-20 21:22:58,891 - INFO - Processed 29400/35602 records
2025-03-20 21:22:59,547 - INFO - Processed 29500/35602 records
2025-03-20 21:23:00,218 - INFO - Processed 29600/35602 records
2025-03-20 21:23:00,853 - INFO - Processed 29700/35602 records
2025-03-20 21:23:01,454 - INFO - Processed 29800/35602 records
2025-03-20 21:23:02,057 - INFO - Processed 29900/35602 records
2025-03-20 21:23:02,662 - INFO - Processed 30000/35602 records
2025-03-20 21:23:03,268 - INFO - Processed 30100/35602 records
2025-03-20 21:23:03,891 - INFO - Processed 30200/35602 records
2025-03-20 21:23:04,587 - INFO - Processed 30300/35602 records
2025-03-20 21:23:05,438 - INFO - Processed 30400/35602 records
2025-03-20 21:23:06,143 - INFO - Processed 30500/35602 records
2025-03-20 21:23:06,841 - INFO - Processed 30600/35602 records
2025-03-20 21:23:07,568 - INFO - Processed 30700/35602 records
2025-03-20 21:23:08,248 - INFO - Processed 30800/35602 records
2025-03-20 21:23:08,941 - INFO - Processed 30900/35602 records
2025-03-20 21:23:09,634 - INFO - Processed 31000/35602 records
2025-03-20 21:23:10,252 - INFO - Processed 31100/35602 records
2025-03-20 21:23:10,924 - INFO - Processed 31200/35602 records
2025-03-20 21:23:11,618 - INFO - Processed 31300/35602 records
2025-03-20 21:23:12,269 - INFO - Processed 31400/35602 records
2025-03-20 21:23:12,949 - INFO - Processed 31500/35602 records
2025-03-20 21:23:13,545 - INFO - Processed 31600/35602 records
2025-03-20 21:23:14,255 - INFO - Processed 31700/35602 records
2025-03-20 21:23:14,895 - INFO - Processed 31800/35602 records
2025-03-20 21:23:15,573 - INFO - Processed 31900/35602 records
2025-03-20 21:23:16,262 - INFO - Processed 32000/35602 records
2025-03-20 21:23:16,973 - INFO - Processed 32100/35602 records
2025-03-20 21:23:17,669 - INFO - Processed 32200/35602 records
2025-03-20 21:23:18,344 - INFO - Processed 32300/35602 records
2025-03-20 21:23:19,118 - INFO - Processed 32400/35602 records
2025-03-20 21:23:19,897 - INFO - Processed 32500/35602 records
2025-03-20 21:23:20,585 - INFO - Processed 32600/35602 records
2025-03-20 21:23:21,279 - INFO - Processed 32700/35602 records
2025-03-20 21:23:21,984 - INFO - Processed 32800/35602 records
2025-03-20 21:23:22,634 - INFO - Processed 32900/35602 records
2025-03-20 21:23:23,470 - INFO - Processed 33000/35602 records
2025-03-20 21:23:24,251 - INFO - Processed 33100/35602 records
2025-03-20 21:23:25,004 - INFO - Processed 33200/35602 records
2025-03-20 21:23:25,697 - INFO - Processed 33300/35602 records
2025-03-20 21:23:26,462 - INFO - Processed 33400/35602 records
2025-03-20 21:23:27,201 - INFO - Processed 33500/35602 records
2025-03-20 21:23:27,748 - INFO - Processed 33600/35602 records
2025-03-20 21:23:28,272 - INFO - Processed 33700/35602 records
2025-03-20 21:23:28,720 - INFO - Processed 33800/35602 records
2025-03-20 21:23:29,328 - INFO - Processed 33900/35602 records
2025-03-20 21:23:29,961 - INFO - Processed 34000/35602 records
2025-03-20 21:23:30,780 - INFO - Processed 34100/35602 records
2025-03-20 21:23:31,553 - INFO - Processed 34200/35602 records
2025-03-20 21:23:32,232 - INFO - Processed 34300/35602 records
2025-03-20 21:23:32,875 - INFO - Processed 34400/35602 records
2025-03-20 21:23:33,552 - INFO - Processed 34500/35602 records
2025-03-20 21:23:34,215 - INFO - Processed 34600/35602 records
2025-03-20 21:23:35,011 - INFO - Processed 34700/35602 records
2025-03-20 21:23:35,952 - INFO - Processed 34800/35602 records
2025-03-20 21:23:36,749 - INFO - Processed 34900/35602 records
2025-03-20 21:23:37,506 - INFO - Processed 35000/35602 records
2025-03-20 21:23:38,295 - INFO - Processed 35100/35602 records
2025-03-20 21:23:39,084 - INFO - Processed 35200/35602 records
2025-03-20 21:23:39,786 - INFO - Processed 35300/35602 records
2025-03-20 21:23:40,472 - INFO - Processed 35400/35602 records
2025-03-20 21:23:41,149 - INFO - Processed 35500/35602 records
2025-03-20 21:23:41,817 - INFO - Processed 35600/35602 records
2025-03-20 21:23:42,197 - INFO - Processing complete! Results saved toC:\FYP-LangWAF\LangWAF\models\model-2\../../results/data_with_languages.json
2025-03-20 21:23:42,368 - INFO - Predictions saved to C:\FYP-LangWAF\LangWAF\models\model-2\../../data/model-2_data_with_languages.csv!!!!!!!
