2025-03-20 21:11:41,954 - INFO - Starting language detection process
2025-03-20 21:11:42,020 - INFO - Loaded JSON with 35602 records
2025-03-20 21:11:42,987 - INFO - Processed 100/35602 records
2025-03-20 21:11:43,810 - INFO - Processed 200/35602 records
2025-03-20 21:11:44,608 - INFO - Processed 300/35602 records
2025-03-20 21:11:45,347 - INFO - Processed 400/35602 records
2025-03-20 21:11:46,096 - INFO - Processed 500/35602 records
2025-03-20 21:11:46,801 - INFO - Processed 600/35602 records
2025-03-20 21:11:47,552 - INFO - Processed 700/35602 records
2025-03-20 21:11:48,323 - INFO - Processed 800/35602 records
2025-03-20 21:11:48,610 - INFO - Processed 900/35602 records
2025-03-20 21:11:48,799 - INFO - Processed 1000/35602 records
2025-03-20 21:11:48,983 - INFO - Processed 1100/35602 records
2025-03-20 21:11:49,142 - INFO - Processed 1200/35602 records
2025-03-20 21:11:49,298 - INFO - Processed 1300/35602 records
2025-03-20 21:11:49,462 - INFO - Processed 1400/35602 records
2025-03-20 21:11:49,600 - INFO - Processed 1500/35602 records
2025-03-20 21:11:49,742 - INFO - Processed 1600/35602 records
2025-03-20 21:11:49,910 - INFO - Processed 1700/35602 records
2025-03-20 21:11:50,067 - INFO - Processed 1800/35602 records
2025-03-20 21:11:50,200 - INFO - Processed 1900/35602 records
2025-03-20 21:11:50,340 - INFO - Processed 2000/35602 records
2025-03-20 21:11:50,505 - INFO - Processed 2100/35602 records
2025-03-20 21:11:50,669 - INFO - Processed 2200/35602 records
2025-03-20 21:11:50,846 - INFO - Processed 2300/35602 records
2025-03-20 21:11:51,027 - INFO - Processed 2400/35602 records
2025-03-20 21:11:51,169 - INFO - Processed 2500/35602 records
2025-03-20 21:11:51,312 - INFO - Processed 2600/35602 records
2025-03-20 21:11:51,479 - INFO - Processed 2700/35602 records
2025-03-20 21:11:51,616 - INFO - Processed 2800/35602 records
2025-03-20 21:11:51,771 - INFO - Processed 2900/35602 records
2025-03-20 21:11:51,930 - INFO - Processed 3000/35602 records
2025-03-20 21:11:52,077 - INFO - Processed 3100/35602 records
2025-03-20 21:11:52,236 - INFO - Processed 3200/35602 records
2025-03-20 21:11:52,380 - INFO - Processed 3300/35602 records
2025-03-20 21:11:52,551 - INFO - Processed 3400/35602 records
2025-03-20 21:11:52,720 - INFO - Processed 3500/35602 records
2025-03-20 21:11:52,867 - INFO - Processed 3600/35602 records
2025-03-20 21:11:53,075 - INFO - Processed 3700/35602 records
2025-03-20 21:11:53,318 - INFO - Processed 3800/35602 records
2025-03-20 21:11:53,503 - INFO - Processed 3900/35602 records
2025-03-20 21:11:53,651 - INFO - Processed 4000/35602 records
2025-03-20 21:11:53,843 - INFO - Processed 4100/35602 records
2025-03-20 21:11:53,989 - INFO - Processed 4200/35602 records
2025-03-20 21:11:54,153 - INFO - Processed 4300/35602 records
2025-03-20 21:11:54,334 - INFO - Processed 4400/35602 records
2025-03-20 21:11:54,500 - INFO - Processed 4500/35602 records
2025-03-20 21:11:54,701 - INFO - Processed 4600/35602 records
2025-03-20 21:11:54,875 - INFO - Processed 4700/35602 records
2025-03-20 21:11:55,033 - INFO - Processed 4800/35602 records
2025-03-20 21:11:55,190 - INFO - Processed 4900/35602 records
2025-03-20 21:11:55,377 - INFO - Processed 5000/35602 records
2025-03-20 21:11:55,560 - INFO - Processed 5100/35602 records
2025-03-20 21:11:55,708 - INFO - Processed 5200/35602 records
2025-03-20 21:11:55,842 - INFO - Processed 5300/35602 records
2025-03-20 21:11:56,011 - INFO - Processed 5400/35602 records
2025-03-20 21:11:56,191 - INFO - Processed 5500/35602 records
2025-03-20 21:11:56,385 - INFO - Processed 5600/35602 records
2025-03-20 21:11:56,556 - INFO - Processed 5700/35602 records
2025-03-20 21:11:56,741 - INFO - Processed 5800/35602 records
2025-03-20 21:11:56,907 - INFO - Processed 5900/35602 records
2025-03-20 21:11:57,069 - INFO - Processed 6000/35602 records
2025-03-20 21:11:57,210 - INFO - Processed 6100/35602 records
2025-03-20 21:11:57,525 - INFO - Processed 6200/35602 records
2025-03-20 21:11:57,746 - INFO - Processed 6300/35602 records
2025-03-20 21:11:57,895 - INFO - Processed 6400/35602 records
2025-03-20 21:11:58,108 - INFO - Processed 6500/35602 records
2025-03-20 21:11:58,305 - INFO - Processed 6600/35602 records
2025-03-20 21:11:58,531 - INFO - Processed 6700/35602 records
2025-03-20 21:11:58,706 - INFO - Processed 6800/35602 records
2025-03-20 21:11:58,872 - INFO - Processed 6900/35602 records
2025-03-20 21:11:59,038 - INFO - Processed 7000/35602 records
2025-03-20 21:11:59,204 - INFO - Processed 7100/35602 records
2025-03-20 21:11:59,398 - INFO - Processed 7200/35602 records
2025-03-20 21:11:59,592 - INFO - Processed 7300/35602 records
2025-03-20 21:11:59,753 - INFO - Processed 7400/35602 records
2025-03-20 21:11:59,943 - INFO - Processed 7500/35602 records
2025-03-20 21:12:00,133 - INFO - Processed 7600/35602 records
2025-03-20 21:12:00,309 - INFO - Processed 7700/35602 records
2025-03-20 21:12:00,486 - INFO - Processed 7800/35602 records
2025-03-20 21:12:00,657 - INFO - Processed 7900/35602 records
2025-03-20 21:12:00,796 - INFO - Processed 8000/35602 records
2025-03-20 21:12:01,088 - INFO - Processed 8100/35602 records
2025-03-20 21:12:01,257 - INFO - Processed 8200/35602 records
2025-03-20 21:12:01,406 - INFO - Processed 8300/35602 records
2025-03-20 21:12:01,585 - INFO - Processed 8400/35602 records
2025-03-20 21:12:01,740 - INFO - Processed 8500/35602 records
2025-03-20 21:12:01,897 - INFO - Processed 8600/35602 records
2025-03-20 21:12:02,079 - INFO - Processed 8700/35602 records
2025-03-20 21:12:02,227 - INFO - Processed 8800/35602 records
2025-03-20 21:12:02,370 - INFO - Processed 8900/35602 records
2025-03-20 21:12:02,527 - INFO - Processed 9000/35602 records
2025-03-20 21:12:02,693 - INFO - Processed 9100/35602 records
2025-03-20 21:12:02,866 - INFO - Processed 9200/35602 records
2025-03-20 21:12:03,016 - INFO - Processed 9300/35602 records
2025-03-20 21:12:03,176 - INFO - Processed 9400/35602 records
2025-03-20 21:12:03,340 - INFO - Processed 9500/35602 records
2025-03-20 21:12:03,524 - INFO - Processed 9600/35602 records
2025-03-20 21:12:03,679 - INFO - Processed 9700/35602 records
2025-03-20 21:12:03,826 - INFO - Processed 9800/35602 records
2025-03-20 21:12:03,999 - INFO - Processed 9900/35602 records
2025-03-20 21:12:04,213 - INFO - Processed 10000/35602 records
2025-03-20 21:12:04,383 - INFO - Processed 10100/35602 records
2025-03-20 21:12:04,537 - INFO - Processed 10200/35602 records
2025-03-20 21:12:04,721 - INFO - Processed 10300/35602 records
2025-03-20 21:12:04,901 - INFO - Processed 10400/35602 records
2025-03-20 21:12:05,050 - INFO - Processed 10500/35602 records
2025-03-20 21:12:05,186 - INFO - Processed 10600/35602 records
2025-03-20 21:12:05,363 - INFO - Processed 10700/35602 records
2025-03-20 21:12:05,553 - INFO - Processed 10800/35602 records
2025-03-20 21:12:05,728 - INFO - Processed 10900/35602 records
2025-03-20 21:12:05,873 - INFO - Processed 11000/35602 records
2025-03-20 21:12:06,029 - INFO - Processed 11100/35602 records
2025-03-20 21:12:06,228 - INFO - Processed 11200/35602 records
2025-03-20 21:12:06,423 - INFO - Processed 11300/35602 records
2025-03-20 21:12:06,599 - INFO - Processed 11400/35602 records
2025-03-20 21:12:06,744 - INFO - Processed 11500/35602 records
2025-03-20 21:12:06,919 - INFO - Processed 11600/35602 records
2025-03-20 21:12:07,072 - INFO - Processed 11700/35602 records
2025-03-20 21:12:07,222 - INFO - Processed 11800/35602 records
2025-03-20 21:12:07,398 - INFO - Processed 11900/35602 records
2025-03-20 21:12:07,577 - INFO - Processed 12000/35602 records
2025-03-20 21:12:07,729 - INFO - Processed 12100/35602 records
2025-03-20 21:12:07,898 - INFO - Processed 12200/35602 records
2025-03-20 21:12:08,056 - INFO - Processed 12300/35602 records
2025-03-20 21:12:08,218 - INFO - Processed 12400/35602 records
2025-03-20 21:12:08,377 - INFO - Processed 12500/35602 records
2025-03-20 21:12:08,558 - INFO - Processed 12600/35602 records
2025-03-20 21:12:08,728 - INFO - Processed 12700/35602 records
2025-03-20 21:12:08,868 - INFO - Processed 12800/35602 records
2025-03-20 21:12:09,038 - INFO - Processed 12900/35602 records
2025-03-20 21:12:09,175 - INFO - Processed 13000/35602 records
2025-03-20 21:12:09,342 - INFO - Processed 13100/35602 records
2025-03-20 21:12:09,503 - INFO - Processed 13200/35602 records
2025-03-20 21:12:09,660 - INFO - Processed 13300/35602 records
2025-03-20 21:12:09,832 - INFO - Processed 13400/35602 records
2025-03-20 21:12:10,002 - INFO - Processed 13500/35602 records
2025-03-20 21:12:10,177 - INFO - Processed 13600/35602 records
2025-03-20 21:12:10,365 - INFO - Processed 13700/35602 records
2025-03-20 21:12:10,526 - INFO - Processed 13800/35602 records
2025-03-20 21:12:10,710 - INFO - Processed 13900/35602 records
2025-03-20 21:12:10,885 - INFO - Processed 14000/35602 records
2025-03-20 21:12:11,061 - INFO - Processed 14100/35602 records
2025-03-20 21:12:11,246 - INFO - Processed 14200/35602 records
2025-03-20 21:12:11,414 - INFO - Processed 14300/35602 records
2025-03-20 21:12:11,593 - INFO - Processed 14400/35602 records
2025-03-20 21:12:11,773 - INFO - Processed 14500/35602 records
2025-03-20 21:12:11,955 - INFO - Processed 14600/35602 records
2025-03-20 21:12:12,115 - INFO - Processed 14700/35602 records
2025-03-20 21:12:12,306 - INFO - Processed 14800/35602 records
2025-03-20 21:12:12,482 - INFO - Processed 14900/35602 records
2025-03-20 21:12:12,643 - INFO - Processed 15000/35602 records
2025-03-20 21:12:12,777 - INFO - Processed 15100/35602 records
2025-03-20 21:12:12,961 - INFO - Processed 15200/35602 records
2025-03-20 21:12:13,128 - INFO - Processed 15300/35602 records
2025-03-20 21:12:13,265 - INFO - Processed 15400/35602 records
2025-03-20 21:12:13,440 - INFO - Processed 15500/35602 records
2025-03-20 21:12:13,622 - INFO - Processed 15600/35602 records
2025-03-20 21:12:13,787 - INFO - Processed 15700/35602 records
2025-03-20 21:12:13,970 - INFO - Processed 15800/35602 records
2025-03-20 21:12:14,142 - INFO - Processed 15900/35602 records
2025-03-20 21:12:14,308 - INFO - Processed 16000/35602 records
2025-03-20 21:12:14,450 - INFO - Processed 16100/35602 records
2025-03-20 21:12:14,616 - INFO - Processed 16200/35602 records
2025-03-20 21:12:14,869 - INFO - Processed 16300/35602 records
2025-03-20 21:12:15,063 - INFO - Processed 16400/35602 records
2025-03-20 21:12:15,220 - INFO - Processed 16500/35602 records
2025-03-20 21:12:15,357 - INFO - Processed 16600/35602 records
2025-03-20 21:12:15,511 - INFO - Processed 16700/35602 records
2025-03-20 21:12:15,683 - INFO - Processed 16800/35602 records
2025-03-20 21:12:15,844 - INFO - Processed 16900/35602 records
2025-03-20 21:12:16,027 - INFO - Processed 17000/35602 records
2025-03-20 21:12:16,211 - INFO - Processed 17100/35602 records
2025-03-20 21:12:16,363 - INFO - Processed 17200/35602 records
2025-03-20 21:12:16,542 - INFO - Processed 17300/35602 records
2025-03-20 21:12:16,701 - INFO - Processed 17400/35602 records
2025-03-20 21:12:16,874 - INFO - Processed 17500/35602 records
2025-03-20 21:12:17,032 - INFO - Processed 17600/35602 records
2025-03-20 21:12:17,174 - INFO - Processed 17700/35602 records
2025-03-20 21:12:17,339 - INFO - Processed 17800/35602 records
2025-03-20 21:12:17,496 - INFO - Processed 17900/35602 records
2025-03-20 21:12:17,658 - INFO - Processed 18000/35602 records
2025-03-20 21:12:17,816 - INFO - Processed 18100/35602 records
2025-03-20 21:12:17,985 - INFO - Processed 18200/35602 records
2025-03-20 21:12:18,150 - INFO - Processed 18300/35602 records
2025-03-20 21:12:18,277 - INFO - Processed 18400/35602 records
2025-03-20 21:12:18,434 - INFO - Processed 18500/35602 records
2025-03-20 21:12:18,627 - INFO - Processed 18600/35602 records
2025-03-20 21:12:18,804 - INFO - Processed 18700/35602 records
2025-03-20 21:12:18,970 - INFO - Processed 18800/35602 records
2025-03-20 21:12:19,153 - INFO - Processed 18900/35602 records
2025-03-20 21:12:19,348 - INFO - Processed 19000/35602 records
2025-03-20 21:12:19,510 - INFO - Processed 19100/35602 records
2025-03-20 21:12:19,692 - INFO - Processed 19200/35602 records
2025-03-20 21:12:19,887 - INFO - Processed 19300/35602 records
2025-03-20 21:12:20,048 - INFO - Processed 19400/35602 records
2025-03-20 21:12:20,200 - INFO - Processed 19500/35602 records
2025-03-20 21:12:20,372 - INFO - Processed 19600/35602 records
2025-03-20 21:12:20,529 - INFO - Processed 19700/35602 records
2025-03-20 21:12:20,710 - INFO - Processed 19800/35602 records
2025-03-20 21:12:20,830 - INFO - Processed 19900/35602 records
2025-03-20 21:12:21,012 - INFO - Processed 20000/35602 records
2025-03-20 21:12:21,160 - INFO - Processed 20100/35602 records
2025-03-20 21:12:21,307 - INFO - Processed 20200/35602 records
2025-03-20 21:12:21,474 - INFO - Processed 20300/35602 records
2025-03-20 21:12:21,622 - INFO - Processed 20400/35602 records
2025-03-20 21:12:21,805 - INFO - Processed 20500/35602 records
2025-03-20 21:12:21,947 - INFO - Processed 20600/35602 records
2025-03-20 21:12:22,114 - INFO - Processed 20700/35602 records
2025-03-20 21:12:22,277 - INFO - Processed 20800/35602 records
2025-03-20 21:12:22,432 - INFO - Processed 20900/35602 records
2025-03-20 21:12:22,586 - INFO - Processed 21000/35602 records
2025-03-20 21:12:22,798 - INFO - Processed 21100/35602 records
2025-03-20 21:12:22,958 - INFO - Processed 21200/35602 records
2025-03-20 21:12:23,133 - INFO - Processed 21300/35602 records
2025-03-20 21:12:23,298 - INFO - Processed 21400/35602 records
2025-03-20 21:12:23,423 - INFO - Processed 21500/35602 records
2025-03-20 21:12:23,570 - INFO - Processed 21600/35602 records
2025-03-20 21:12:23,748 - INFO - Processed 21700/35602 records
2025-03-20 21:12:23,886 - INFO - Processed 21800/35602 records
2025-03-20 21:12:24,040 - INFO - Processed 21900/35602 records
2025-03-20 21:12:24,201 - INFO - Processed 22000/35602 records
2025-03-20 21:12:24,365 - INFO - Processed 22100/35602 records
2025-03-20 21:12:24,512 - INFO - Processed 22200/35602 records
2025-03-20 21:12:24,648 - INFO - Processed 22300/35602 records
2025-03-20 21:12:24,808 - INFO - Processed 22400/35602 records
2025-03-20 21:12:24,992 - INFO - Processed 22500/35602 records
2025-03-20 21:12:25,148 - INFO - Processed 22600/35602 records
2025-03-20 21:12:25,311 - INFO - Processed 22700/35602 records
2025-03-20 21:12:25,463 - INFO - Processed 22800/35602 records
2025-03-20 21:12:25,628 - INFO - Processed 22900/35602 records
2025-03-20 21:12:25,800 - INFO - Processed 23000/35602 records
2025-03-20 21:12:25,968 - INFO - Processed 23100/35602 records
2025-03-20 21:12:26,147 - INFO - Processed 23200/35602 records
2025-03-20 21:12:26,308 - INFO - Processed 23300/35602 records
2025-03-20 21:12:26,471 - INFO - Processed 23400/35602 records
2025-03-20 21:12:26,624 - INFO - Processed 23500/35602 records
2025-03-20 21:12:26,771 - INFO - Processed 23600/35602 records
2025-03-20 21:12:26,933 - INFO - Processed 23700/35602 records
2025-03-20 21:12:27,116 - INFO - Processed 23800/35602 records
2025-03-20 21:12:27,257 - INFO - Processed 23900/35602 records
2025-03-20 21:12:27,400 - INFO - Processed 24000/35602 records
2025-03-20 21:12:27,557 - INFO - Processed 24100/35602 records
2025-03-20 21:12:27,712 - INFO - Processed 24200/35602 records
2025-03-20 21:12:27,858 - INFO - Processed 24300/35602 records
2025-03-20 21:12:28,012 - INFO - Processed 24400/35602 records
2025-03-20 21:12:28,190 - INFO - Processed 24500/35602 records
2025-03-20 21:12:28,384 - INFO - Processed 24600/35602 records
2025-03-20 21:12:28,535 - INFO - Processed 24700/35602 records
2025-03-20 21:12:28,696 - INFO - Processed 24800/35602 records
2025-03-20 21:12:28,858 - INFO - Processed 24900/35602 records
2025-03-20 21:12:29,004 - INFO - Processed 25000/35602 records
2025-03-20 21:12:29,171 - INFO - Processed 25100/35602 records
2025-03-20 21:12:29,304 - INFO - Processed 25200/35602 records
2025-03-20 21:12:29,478 - INFO - Processed 25300/35602 records
2025-03-20 21:12:29,604 - INFO - Processed 25400/35602 records
2025-03-20 21:12:29,771 - INFO - Processed 25500/35602 records
2025-03-20 21:12:29,900 - INFO - Processed 25600/35602 records
2025-03-20 21:12:30,038 - INFO - Processed 25700/35602 records
2025-03-20 21:12:30,217 - INFO - Processed 25800/35602 records
2025-03-20 21:12:30,369 - INFO - Processed 25900/35602 records
2025-03-20 21:12:30,548 - INFO - Processed 26000/35602 records
2025-03-20 21:12:30,702 - INFO - Processed 26100/35602 records
2025-03-20 21:12:30,842 - INFO - Processed 26200/35602 records
2025-03-20 21:12:31,010 - INFO - Processed 26300/35602 records
2025-03-20 21:12:31,170 - INFO - Processed 26400/35602 records
2025-03-20 21:12:31,286 - INFO - Processed 26500/35602 records
2025-03-20 21:12:31,456 - INFO - Processed 26600/35602 records
2025-03-20 21:12:31,615 - INFO - Processed 26700/35602 records
2025-03-20 21:12:31,787 - INFO - Processed 26800/35602 records
2025-03-20 21:12:31,923 - INFO - Processed 26900/35602 records
2025-03-20 21:12:32,086 - INFO - Processed 27000/35602 records
2025-03-20 21:12:32,240 - INFO - Processed 27100/35602 records
2025-03-20 21:12:32,408 - INFO - Processed 27200/35602 records
2025-03-20 21:12:32,568 - INFO - Processed 27300/35602 records
2025-03-20 21:12:32,734 - INFO - Processed 27400/35602 records
2025-03-20 21:12:32,936 - INFO - Processed 27500/35602 records
2025-03-20 21:12:33,744 - INFO - Processed 27600/35602 records
2025-03-20 21:12:34,498 - INFO - Processed 27700/35602 records
2025-03-20 21:12:35,237 - INFO - Processed 27800/35602 records
2025-03-20 21:12:35,955 - INFO - Processed 27900/35602 records
2025-03-20 21:12:36,671 - INFO - Processed 28000/35602 records
2025-03-20 21:12:37,410 - INFO - Processed 28100/35602 records
2025-03-20 21:12:38,135 - INFO - Processed 28200/35602 records
2025-03-20 21:12:38,827 - INFO - Processed 28300/35602 records
2025-03-20 21:12:39,549 - INFO - Processed 28400/35602 records
2025-03-20 21:12:40,261 - INFO - Processed 28500/35602 records
2025-03-20 21:12:40,970 - INFO - Processed 28600/35602 records
2025-03-20 21:12:41,702 - INFO - Processed 28700/35602 records
2025-03-20 21:12:42,398 - INFO - Processed 28800/35602 records
2025-03-20 21:12:43,119 - INFO - Processed 28900/35602 records
2025-03-20 21:12:43,797 - INFO - Processed 29000/35602 records
2025-03-20 21:12:44,571 - INFO - Processed 29100/35602 records
2025-03-20 21:12:45,294 - INFO - Processed 29200/35602 records
2025-03-20 21:12:46,038 - INFO - Processed 29300/35602 records
2025-03-20 21:12:46,752 - INFO - Processed 29400/35602 records
2025-03-20 21:12:47,450 - INFO - Processed 29500/35602 records
2025-03-20 21:12:48,186 - INFO - Processed 29600/35602 records
2025-03-20 21:12:48,830 - INFO - Processed 29700/35602 records
2025-03-20 21:12:49,466 - INFO - Processed 29800/35602 records
2025-03-20 21:12:50,122 - INFO - Processed 29900/35602 records
2025-03-20 21:12:50,735 - INFO - Processed 30000/35602 records
2025-03-20 21:12:51,349 - INFO - Processed 30100/35602 records
2025-03-20 21:12:51,955 - INFO - Processed 30200/35602 records
2025-03-20 21:12:52,648 - INFO - Processed 30300/35602 records
2025-03-20 21:12:53,389 - INFO - Processed 30400/35602 records
2025-03-20 21:12:54,107 - INFO - Processed 30500/35602 records
2025-03-20 21:12:54,878 - INFO - Processed 30600/35602 records
2025-03-20 21:12:55,601 - INFO - Processed 30700/35602 records
2025-03-20 21:12:56,302 - INFO - Processed 30800/35602 records
2025-03-20 21:12:57,023 - INFO - Processed 30900/35602 records
2025-03-20 21:12:57,642 - INFO - Processed 31000/35602 records
2025-03-20 21:12:58,297 - INFO - Processed 31100/35602 records
2025-03-20 21:12:58,953 - INFO - Processed 31200/35602 records
2025-03-20 21:12:59,628 - INFO - Processed 31300/35602 records
2025-03-20 21:13:00,287 - INFO - Processed 31400/35602 records
2025-03-20 21:13:00,905 - INFO - Processed 31500/35602 records
2025-03-20 21:13:01,582 - INFO - Processed 31600/35602 records
2025-03-20 21:13:02,255 - INFO - Processed 31700/35602 records
2025-03-20 21:13:02,936 - INFO - Processed 31800/35602 records
2025-03-20 21:13:03,652 - INFO - Processed 31900/35602 records
2025-03-20 21:13:04,308 - INFO - Processed 32000/35602 records
2025-03-20 21:13:05,041 - INFO - Processed 32100/35602 records
2025-03-20 21:13:05,721 - INFO - Processed 32200/35602 records
2025-03-20 21:13:06,376 - INFO - Processed 32300/35602 records
2025-03-20 21:13:07,056 - INFO - Processed 32400/35602 records
2025-03-20 21:13:07,769 - INFO - Processed 32500/35602 records
2025-03-20 21:13:08,434 - INFO - Processed 32600/35602 records
2025-03-20 21:13:09,107 - INFO - Processed 32700/35602 records
2025-03-20 21:13:09,842 - INFO - Processed 32800/35602 records
2025-03-20 21:13:10,580 - INFO - Processed 32900/35602 records
2025-03-20 21:13:11,330 - INFO - Processed 33000/35602 records
2025-03-20 21:13:12,059 - INFO - Processed 33100/35602 records
2025-03-20 21:13:13,184 - INFO - Processed 33200/35602 records
2025-03-20 21:13:14,389 - INFO - Processed 33300/35602 records
2025-03-20 21:13:15,539 - INFO - Processed 33400/35602 records
2025-03-20 21:13:16,403 - INFO - Processed 33500/35602 records
2025-03-20 21:13:17,062 - INFO - Processed 33600/35602 records
2025-03-20 21:13:17,726 - INFO - Processed 33700/35602 records
2025-03-20 21:13:18,461 - INFO - Processed 33800/35602 records
2025-03-20 21:13:19,184 - INFO - Processed 33900/35602 records
2025-03-20 21:13:20,206 - INFO - Processed 34000/35602 records
2025-03-20 21:13:21,275 - INFO - Processed 34100/35602 records
2025-03-20 21:13:22,285 - INFO - Processed 34200/35602 records
2025-03-20 21:13:23,119 - INFO - Processed 34300/35602 records
2025-03-20 21:13:23,861 - INFO - Processed 34400/35602 records
2025-03-20 21:13:24,598 - INFO - Processed 34500/35602 records
2025-03-20 21:13:25,283 - INFO - Processed 34600/35602 records
2025-03-20 21:13:25,929 - INFO - Processed 34700/35602 records
2025-03-20 21:13:26,617 - INFO - Processed 34800/35602 records
2025-03-20 21:13:27,327 - INFO - Processed 34900/35602 records
2025-03-20 21:13:28,051 - INFO - Processed 35000/35602 records
2025-03-20 21:13:28,798 - INFO - Processed 35100/35602 records
2025-03-20 21:13:29,491 - INFO - Processed 35200/35602 records
2025-03-20 21:13:30,144 - INFO - Processed 35300/35602 records
2025-03-20 21:13:30,831 - INFO - Processed 35400/35602 records
2025-03-20 21:13:31,489 - INFO - Processed 35500/35602 records
2025-03-20 21:13:32,184 - INFO - Processed 35600/35602 records
2025-03-20 21:13:32,567 - INFO - Processing complete! Results saved toC:\FYP-LangWAF\LangWAF\models\model-2\../../results/data_with_languages.json
2025-03-20 21:13:32,714 - INFO - Predictions saved to C:\FYP-LangWAF\LangWAF\models\model-2\../../results/data_with_languages.csv!!!!!!!
